files/126.csv
id,week,center_id,meal_id,checkout_price,base_price,emailer_for_promotion,homepage_featured,num_orders
1160994,2,126,2867,626.62,627.62,0,0,27
1350003,5,126,2867,484.03,626.62,1,0,271
1243911,6,126,2867,485.03,626.62,0,0,176
1396165,7,126,2867,669.33,669.33,0,0,42
1008564,8,126,2867,669.33,669.33,0,0,26
1388957,9,126,2867,437.53,669.33,1,0,474
1155534,10,126,2867,435.53,668.33,1,0,269
1473397,11,126,2867,435.53,670.33,0,0,242
1366581,12,126,2867,620.86,620.86,0,0,15
1334778,13,126,2867,619.86,620.86,0,0,82
1370548,15,126,2867,619.86,620.86,0,0,68
1228874,16,126,2867,620.86,619.86,0,0,27
1157838,17,126,2867,618.86,619.86,0,0,28
1169963,18,126,2867,620.86,620.86,0,0,28
1338776,19,126,2867,619.86,619.86,0,0,42
1345266,20,126,2867,618.86,620.86,0,0,42
1204331,21,126,2867,618.86,618.86,0,0,28
1072295,22,126,2867,619.86,620.86,0,0,15
1102439,23,126,2867,619.86,618.86,0,0,26
1291474,24,126,2867,620.86,619.86,0,0,42
1131934,25,126,2867,532.53,618.86,0,0,96
1011144,26,126,2867,533.53,620.86,0,0,42
1328105,27,126,2867,534.53,618.86,0,0,14
1116292,28,126,2867,533.53,620.86,0,0,40
1180627,29,126,2867,619.86,618.86,0,0,42
1492132,30,126,2867,619.86,619.86,0,0,55
1298643,31,126,2867,619.86,620.86,0,0,13
1062500,32,126,2867,618.86,620.86,0,0,41
1265054,33,126,2867,486.03,620.86,1,1,69
1060018,34,126,2867,485.03,618.86,0,1,310
1291647,35,126,2867,668.33,668.33,0,0,42
1451004,36,126,2867,668.33,668.33,0,0,42
1100730,37,126,2867,670.33,669.33,0,0,55
1309522,38,126,2867,670.33,668.33,0,0,69
1102252,39,126,2867,629.59,627.59,0,0,81
1167412,40,126,2867,507.31,627.59,1,0,109
1021895,41,126,2867,484.03,627.59,1,0,190
1101291,42,126,2867,619.86,620.86,0,0,53
1165558,43,126,2867,620.86,620.86,0,0,28
1335862,44,126,2867,619.86,618.86,0,0,69
1414684,45,126,2867,619.86,620.86,0,0,40
1248609,46,126,2867,618.86,618.86,0,0,15
1059839,47,126,2867,620.86,619.86,0,0,40
1179966,48,126,2867,619.86,620.86,0,0,13
1133973,52,126,2867,387.03,619.86,1,0,163
1446478,53,126,2867,387.03,619.86,1,0,162
1238732,54,126,2867,619.86,620.86,0,0,15
1049328,55,126,2867,620.86,619.86,0,0,14
1476357,56,126,2867,620.86,620.86,0,0,26
1364181,57,126,2867,609.19,610.19,0,0,28
1165148,58,126,2867,609.19,608.19,0,0,40
1031816,59,126,2867,610.19,610.19,0,0,41
1318704,60,126,2867,486.03,608.19,1,0,244
1460916,61,126,2867,609.19,610.19,0,0,69
1461770,63,126,2867,610.19,608.19,0,0,123
1497195,64,126,2867,608.19,610.19,0,0,40
1377415,65,126,2867,485.03,609.19,1,0,204
1484237,66,126,2867,608.19,608.19,0,0,27
1045226,68,126,2867,610.19,608.19,0,0,136
1324826,69,126,2867,486.03,609.19,1,0,215
1303166,70,126,2867,486.03,609.19,0,0,311
1475055,71,126,2867,612.13,611.13,0,0,28
1217203,72,126,2867,611.13,612.13,0,0,95
1155209,73,126,2867,611.13,612.13,0,0,42
1117568,74,126,2867,611.13,611.13,0,0,95
1142559,75,126,2867,611.13,610.13,0,0,53
1376963,76,126,2867,611.13,611.13,0,0,41
1247221,77,126,2867,561.63,562.63,0,0,121
1220277,78,126,2867,561.63,562.63,0,0,53
1489815,79,126,2867,562.63,563.63,0,0,55
1188654,80,126,2867,561.63,562.63,0,0,94
1273842,81,126,2867,668.33,669.33,0,0,67
1098140,82,126,2867,670.33,669.33,0,0,41
1176887,83,126,2867,670.33,669.33,0,0,53
1290128,84,126,2867,669.33,670.33,0,0,95
1483348,86,126,2867,668.33,670.33,0,0,27
1399509,87,126,2867,669.33,670.33,0,0,54
1118841,88,126,2867,670.33,670.33,0,0,54
1098348,89,126,2867,670.33,668.33,0,0,40
1472410,90,126,2867,435.53,668.33,1,1,231
1285904,91,126,2867,437.53,669.33,1,1,215
1069647,92,126,2867,670.33,669.33,0,0,28
1107912,93,126,2867,668.33,669.33,0,0,67
1208633,94,126,2867,435.56,668.33,1,1,512
1320114,95,126,2867,436.56,670.33,1,1,378
1326580,97,126,2867,670.33,670.33,0,0,69
1094045,98,126,2867,668.33,669.33,0,0,14
1482553,99,126,2867,670.33,669.33,0,0,15
1373858,100,126,2867,444.29,668.33,0,1,418
1066315,101,126,2867,445.29,668.33,1,1,378
1085883,102,126,2867,670.33,669.33,0,0,109
1430248,103,126,2867,670.33,669.33,0,0,14
1298001,104,126,2867,668.33,668.33,0,0,53
1129409,105,126,2867,669.33,668.33,0,0,42
1055653,106,126,2867,456.93,670.33,0,1,418
1315860,107,126,2867,456.93,670.33,1,1,134
1002582,109,126,2867,669.33,669.33,0,0,13
1338675,110,126,2867,669.33,670.33,0,0,28
1416861,111,126,2867,669.33,670.33,0,0,14
1416616,112,126,2867,670.33,669.33,0,0,53
1353085,114,126,2867,689.73,687.73,0,0,53
1039027,115,126,2867,687.73,688.73,0,0,54
1035850,116,126,2867,688.73,687.73,0,0,68
1175786,117,126,2867,688.73,688.73,0,0,42
1459537,118,126,2867,687.73,688.73,0,0,40
1212851,119,126,2867,687.73,688.73,0,0,26
1200953,120,126,2867,687.73,688.73,0,0,27
1378170,121,126,2867,688.73,689.73,0,0,42
1234577,122,126,2867,452.08,687.73,1,0,539
1170537,123,126,2867,450.08,688.73,1,0,352
1289978,124,126,2867,687.73,689.73,0,0,14
1135277,125,126,2867,687.73,689.73,0,0,27
1041980,126,126,2867,687.73,689.73,0,0,13
1465412,127,126,2867,688.73,687.73,0,0,26
1183131,128,126,2867,688.73,688.73,0,0,41
1452564,129,126,2867,718.83,718.83,0,0,122
1432715,130,126,2867,726.53,728.53,0,0,68
1451638,131,126,2867,726.53,726.53,0,0,13
1482873,132,126,2867,727.53,728.53,0,0,15
1378539,133,126,2867,501.49,728.53,1,1,189
1467863,134,126,2867,485.03,728.53,1,1,190
1220499,135,126,2867,726.53,726.53,0,0,42
1383523,136,126,2867,726.53,728.53,0,0,13
1325884,138,126,2867,726.53,726.53,0,0,14
1278804,139,126,2867,726.53,728.53,0,0,15
1023203,140,126,2867,728.53,727.53,0,0,42
1450460,142,126,2867,726.53,728.53,0,0,14
1062691,143,126,2867,484.03,726.53,0,1,121
1031145,144,126,2867,486.03,728.53,1,1,162
1377884,17,126,2664,320.13,320.13,0,0,217
1229395,18,126,2664,321.13,321.13,0,0,256
1386208,19,126,2664,320.13,319.13,0,0,391
1063407,20,126,2664,321.13,321.13,0,0,284
1118005,21,126,2664,320.13,320.13,0,0,513
1055143,22,126,2664,319.13,319.13,0,0,526
1353516,23,126,2664,319.13,321.13,0,0,366
1396978,24,126,2664,321.13,319.13,0,0,405
1091652,25,126,2664,320.13,321.13,0,0,324
1455387,26,126,2664,334.71,332.71,0,0,526
1283023,27,126,2664,268.72,333.71,0,0,433
1116953,28,126,2664,334.71,332.71,0,0,366
1073180,29,126,2664,333.71,334.71,0,0,297
1473031,30,126,2664,333.71,333.71,0,0,271
1187701,31,126,2664,333.71,333.71,0,0,244
1195747,32,126,2664,334.71,333.71,0,0,445
1331668,33,126,2664,332.71,333.71,0,0,365
1099762,34,126,2664,333.71,334.71,0,0,324
1428936,35,126,2664,333.71,334.71,0,0,622
1290890,36,126,2664,334.71,333.71,0,0,432
1030304,37,126,2664,246.41,334.71,0,1,1270
1075148,38,126,2664,334.71,332.71,0,0,431
1039636,39,126,2664,332.71,333.71,0,0,391
1202365,40,126,2664,332.71,333.71,0,0,418
1278500,41,126,2664,334.71,334.71,0,0,514
1310583,42,126,2664,270.66,333.71,0,0,742
1207276,43,126,2664,321.13,320.13,0,0,566
1082588,44,126,2664,319.13,321.13,0,0,337
1456645,45,126,2664,320.13,319.13,0,0,418
1096426,46,126,2664,319.13,321.13,0,0,148
1255747,47,126,2664,320.13,321.13,0,0,351
1327303,48,126,2664,320.13,319.13,0,0,458
1469483,49,126,2664,320.13,321.13,0,0,352
1221906,50,126,2664,319.13,319.13,0,0,350
1397007,51,126,2664,321.13,320.13,0,0,271
1267963,52,126,2664,336.65,335.65,0,0,324
1224716,53,126,2664,335.65,335.65,0,0,338
1143733,54,126,2664,334.65,334.65,0,0,446
1270845,55,126,2664,334.65,334.65,0,0,366
1301042,56,126,2664,260.93,334.65,1,0,770
1407519,57,126,2664,263.87,335.65,1,0,676
1345316,58,126,2664,335.65,335.65,0,0,257
1199146,59,126,2664,335.65,336.65,0,0,256
1183382,60,126,2664,302.7,334.65,0,0,568
1037001,61,126,2664,293,335.65,0,0,134
1150937,63,126,2664,295.88,335.65,0,0,377
1369392,64,126,2664,293.97,336.65,0,0,555
1191247,65,126,2664,334.65,336.65,0,0,351
1085352,66,126,2664,336.65,335.65,0,0,339
1456231,67,126,2664,336.65,334.65,0,0,350
1024992,68,126,2664,334.65,336.65,0,0,312
1351406,69,126,2664,336.65,335.65,0,0,393
1466817,70,126,2664,336.65,336.65,0,0,96
1305775,71,126,2664,324.04,323.04,0,0,365
1052593,72,126,2664,334.65,334.65,0,0,323
1438839,73,126,2664,336.65,336.65,0,0,257
1319807,74,126,2664,336.65,334.65,0,0,404
1394232,75,126,2664,323.01,325.01,0,0,393
1238035,76,126,2664,335.65,334.65,0,0,339
1374410,77,126,2664,322.04,323.04,0,0,256
1203461,78,126,2664,336.65,336.65,0,0,258
1387568,79,126,2664,336.65,334.65,0,0,324
1266724,80,126,2664,334.65,334.65,0,0,123
1254336,81,126,2664,335.65,335.65,0,0,366
1435714,82,126,2664,248.35,334.65,1,1,1122
1067675,83,126,2664,315.28,316.28,0,0,257
1459613,84,126,2664,316.28,316.28,0,0,352
1404970,85,126,2664,316.28,315.28,0,0,258
1119363,86,126,2664,314.28,315.28,0,0,338
1464105,87,126,2664,316.28,314.28,0,0,243
1240361,88,126,2664,315.28,316.28,0,0,258
1424671,89,126,2664,315.28,314.28,0,0,270
1001766,90,126,2664,315.28,315.28,0,0,216
1487220,91,126,2664,314.28,316.28,0,0,271
1263655,92,126,2664,316.28,315.28,0,0,283
1462650,93,126,2664,308.46,309.46,0,0,311
1296747,94,126,2664,309.46,308.46,0,0,215
1167800,95,126,2664,335.65,336.65,0,0,256
1372448,96,126,2664,339.56,339.56,0,0,285
1412735,97,126,2664,322.07,323.07,0,0,69
1171284,98,126,2664,338.56,339.56,0,0,283
1006524,99,126,2664,319.16,319.16,0,0,351
1474930,100,126,2664,318.16,319.16,0,0,256
1099002,101,126,2664,318.16,320.16,0,0,391
1148822,102,126,2664,295.85,296.85,0,0,189
1400521,103,126,2664,304.64,304.64,0,0,175
1212813,104,126,2664,303.64,302.64,0,0,217
1127272,105,126,2664,302.64,304.64,0,0,446
1013224,106,126,2664,304.64,302.64,0,0,446
1484421,107,126,2664,338.56,337.56,0,0,312
1473961,108,126,2664,337.56,337.56,0,0,339
1011239,109,126,2664,338.59,336.59,0,0,377
1065268,110,126,2664,337.56,339.56,0,0,284
1034960,111,126,2664,304.64,337.56,0,0,283
1091394,112,126,2664,303.64,337.56,0,0,406
1497764,113,126,2664,304.64,338.56,0,0,271
1235102,114,126,2664,303.64,339.56,0,0,325
1198314,115,126,2664,242.53,337.56,1,0,1093
1388338,116,126,2664,285.18,339.56,1,1,932
1102494,117,126,2664,302.64,337.56,0,0,162
1370158,118,126,2664,304.64,339.56,0,0,216
1027679,119,126,2664,302.64,304.64,0,0,350
1490135,120,126,2664,302.64,304.64,0,0,406
1094871,121,126,2664,304.64,302.64,0,0,350
1249753,122,126,2664,302.64,304.64,0,0,337
1295150,123,126,2664,302.64,304.64,0,0,392
1184963,124,126,2664,304.64,302.64,0,0,311
1020729,125,126,2664,297.85,296.85,0,0,310
1137173,126,126,2664,303.64,302.64,0,0,364
1174812,127,126,2664,303.64,302.64,0,0,339
1176804,128,126,2664,302.64,303.64,0,0,446
1384718,129,126,2664,302.64,304.64,0,0,175
1091561,130,126,2664,303.64,304.64,0,0,188
1252915,131,126,2664,304.64,303.64,0,0,135
1350438,132,126,2664,302.64,302.64,0,0,204
1392070,133,126,2664,302.64,302.64,0,0,134
1085580,134,126,2664,303.64,303.64,0,0,163
1441249,135,126,2664,303.64,304.64,0,0,283
1168734,136,126,2664,303.64,304.64,0,0,230
1023580,137,126,2664,304.64,304.64,0,0,161
1440632,138,126,2664,289.09,290.09,0,0,285
1061419,139,126,2664,306.52,308.52,0,0,284
1302690,140,126,2664,323.04,322.04,0,0,148
1404201,141,126,2664,323.04,323.04,0,0,243
1230974,142,126,2664,318.22,318.22,0,0,121
1239832,143,126,2664,306.52,307.52,0,0,149
1098419,144,126,2664,245.41,308.52,1,0,447
1480468,145,126,2664,242.53,306.52,0,1,837
1022920,23,126,2490,253.2,253.2,0,0,150
1411340,24,126,2490,253.2,254.2,0,0,513
1496910,25,126,2490,252.2,252.2,0,0,298
1188573,26,126,2490,252.2,254.2,0,0,121
1229756,27,126,2490,254.2,254.2,0,0,323
1214117,28,126,2490,254.2,254.2,0,0,391
1123019,29,126,2490,254.2,254.2,0,0,445
1355741,30,126,2490,253.2,254.2,0,0,404
1188688,31,126,2490,194,252.2,1,0,1162
1193076,32,126,2490,250.29,249.29,0,0,609
1164135,33,126,2490,242.56,241.56,0,0,582
1245196,34,126,2490,253.2,253.2,0,0,460
1489482,35,126,2490,253.2,252.2,0,0,460
1249675,36,126,2490,252.2,254.2,0,0,648
1463413,37,126,2490,252.2,252.2,0,0,244
1097360,38,126,2490,254.2,252.2,0,0,555
1408438,39,126,2490,252.2,253.2,0,0,566
1473598,40,126,2490,254.2,254.2,0,0,446
1443890,41,126,2490,250.26,251.26,0,0,433
1022889,42,126,2490,173.63,251.26,1,0,1471
1270899,43,126,2490,254.2,252.2,0,0,539
1081958,44,126,2490,253.2,254.2,0,0,566
1179057,45,126,2490,252.2,252.2,0,0,798
1387511,46,126,2490,254.2,254.2,0,0,486
1467127,47,126,2490,253.2,252.2,0,0,447
1471544,48,126,2490,196,254.2,1,1,1675
1424996,49,126,2490,194.97,252.2,0,0,1446
1349057,50,126,2490,253.2,254.2,0,0,377
1139246,51,126,2490,252.2,252.2,0,0,325
1308386,52,126,2490,195,254.2,1,1,1554
1163365,53,126,2490,196.97,254.2,0,0,1473
1035583,54,126,2490,254.2,252.2,0,0,419
1245131,55,126,2490,252.2,254.2,0,0,567
1137547,56,126,2490,253.2,254.2,0,0,296
1025957,57,126,2490,252.2,253.2,0,0,325
1002657,58,126,2490,253.2,253.2,0,0,608
1252712,59,126,2490,252.2,254.2,0,0,445
1488082,60,126,2490,254.2,252.2,0,0,177
1073714,61,126,2490,252.2,254.2,0,0,257
1167553,62,126,2490,253.2,254.2,0,0,296
1447329,63,126,2490,253.2,254.2,0,0,162
1432674,64,126,2490,252.2,254.2,0,0,256
1472079,65,126,2490,173.69,252.2,1,1,2282
1412276,66,126,2490,254.2,253.2,0,0,526
1283112,67,126,2490,254.2,253.2,0,0,609
1005037,68,126,2490,252.2,252.2,0,0,514
1345657,69,126,2490,253.2,252.2,0,0,243
1240805,70,126,2490,254.2,253.2,0,0,175
1394308,71,126,2490,252.2,253.2,0,0,284
1096566,72,126,2490,253.2,253.2,0,0,350
1096432,73,126,2490,253.2,253.2,0,0,391
1164816,74,126,2490,252.2,254.2,0,0,150
1417804,75,126,2490,254.2,254.2,0,0,500
1099629,76,126,2490,145.5,253.2,1,1,3388
1174622,77,126,2490,145.53,254.2,0,1,2888
1082317,78,126,2490,145.5,253.2,1,1,2254
1233801,79,126,2490,147.5,252.2,1,1,1905
1219644,80,126,2490,214.4,253.2,0,0,634
1204714,81,126,2490,213.4,254.2,0,0,553
1021359,82,126,2490,214.4,253.2,0,0,729
1224215,83,126,2490,323.07,321.07,0,0,189
1438263,84,126,2490,328.83,329.83,0,0,150
1273116,85,126,2490,196.94,330.83,0,0,690
1175797,86,126,2490,193.03,330.83,0,0,622
1324993,87,126,2490,194.03,329.83,0,0,917
1265251,88,126,2490,194.03,328.83,0,0,1054
1368980,89,126,2490,280.36,329.83,0,0,406
1281920,90,126,2490,192.06,330.83,1,1,1741
1467411,91,126,2490,194,328.83,1,1,771
1202981,92,126,2490,277.45,329.83,0,0,365
1326552,93,126,2490,279.36,279.36,0,0,269
1455071,94,126,2490,194.03,280.36,1,1,1673
1360087,95,126,2490,276.48,277.48,0,0,312
1221498,96,126,2490,280.36,281.36,0,0,352
1202201,97,126,2490,280.36,281.36,0,0,339
1111183,98,126,2490,280.36,281.36,0,0,283
1282795,99,126,2490,281.36,281.36,0,0,202
1462370,100,126,2490,279.36,280.36,0,0,351
1273841,101,126,2490,279.36,279.36,0,0,539
1101518,102,126,2490,280.36,280.36,0,0,501
1195082,103,126,2490,281.36,281.36,0,0,378
1217143,104,126,2490,281.36,280.36,0,0,473
1165879,105,126,2490,279.36,280.36,0,0,608
1445558,106,126,2490,279.36,280.36,0,0,514
1277666,107,126,2490,280.36,279.36,0,0,581
1317078,108,126,2490,280.36,279.36,0,0,162
1438497,109,126,2490,268.69,269.69,0,0,366
1311103,110,126,2490,249.32,250.32,0,0,283
1276910,111,126,2490,268.72,267.72,0,0,351
1205982,112,126,2490,291.03,291.03,0,0,271
1244040,113,126,2490,275.51,276.51,0,0,256
1498837,114,126,2490,290.03,292.03,0,0,242
1034473,115,126,2490,290.03,291.03,0,0,54
1262549,116,126,2490,292.03,292.03,0,0,283
1292446,117,126,2490,185.33,291.03,1,1,2215
1176721,118,126,2490,183.36,292.03,1,0,1554
1342946,119,126,2490,226.01,292.03,0,0,405
1078498,120,126,2490,290.03,291.03,0,0,217
1491432,121,126,2490,290.03,292.03,0,0,121
1008603,122,126,2490,290.03,291.03,0,0,175
1133869,123,126,2490,252.23,290.03,0,0,80
1322488,124,126,2490,291.03,291.03,0,0,311
1013385,125,126,2490,193.03,290.03,1,1,2079
1311801,126,126,2490,210.55,290.03,1,0,811
1441178,127,126,2490,269.66,269.66,0,0,283
1348220,128,126,2490,292.03,290.03,0,0,202
1363052,129,126,2490,292.03,290.03,0,0,123
1074748,130,126,2490,290.03,290.03,0,0,244
1293434,131,126,2490,292.03,292.03,0,0,474
1177638,132,126,2490,292.03,291.03,0,0,256
1316801,133,126,2490,290.03,291.03,0,0,257
1010999,134,126,2490,291.03,290.03,0,0,391
1490018,135,126,2490,269.69,269.69,0,0,555
1065499,136,126,2490,267.75,268.75,0,0,351
1108880,137,126,2490,284.27,282.27,0,0,500
1362868,138,126,2490,292.03,291.03,0,0,324
1004470,139,126,2490,290.03,292.03,0,0,350
1395542,140,126,2490,243.53,291.03,1,1,783
1377783,141,126,2490,245.44,292.03,0,0,539
1473515,142,126,2490,282.3,282.3,0,0,311
1151307,143,126,2490,288.12,288.12,0,0,257
1467933,144,126,2490,291.03,291.03,0,0,297
1334457,145,126,2490,292.03,292.03,0,0,217
